#
# There is insufficient memory for the Java Runtime Environment to continue.
# Native memory allocation (mmap) failed to map 266338304 bytes. Error detail: G1 virtual space
# Possible reasons:
#   The system is out of physical RAM or swap space
#   This process is running with CompressedOops enabled, and the Java Heap may be blocking the growth of the native heap
# Possible solutions:
#   Reduce memory load on the system
#   Increase physical memory or swap space
#   Check if swap backing store is full
#   Decrease Java heap size (-Xmx/-Xms)
#   Decrease number of Java threads
#   Decrease Java thread stack sizes (-Xss)
#   Set larger code cache with -XX:ReservedCodeCacheSize=
#   JVM is running with Zero Based Compressed Oops mode in which the Java heap is
#     placed in the first 32GB address space. The Java Heap base address is the
#     maximum limit for the native heap growth. Please use -XX:HeapBaseMinAddress
#     to set the Java Heap base and to place the Java Heap above 32GB virtual address.
# This output file may be truncated or incomplete.
#
#  Out of Memory Error (os_windows.cpp:3707), pid=33052, tid=5828
#
# JRE version:  (23.0.2+7) (build )
# Java VM: Java HotSpot(TM) 64-Bit Server VM (23.0.2+7-58, mixed mode, sharing, tiered, compressed oops, compressed class ptrs, g1 gc, windows-amd64)
# No core dump will be written. Minidumps are not enabled by default on client versions of Windows
#

---------------  S U M M A R Y ------------

Command Line: --enable-native-access=ALL-UNNAMED 

Host: 11th Gen Intel(R) Core(TM) i5-11400H @ 2.70GHz, 12 cores, 15G,  Windows 11 , 64 bit Build 22621 (10.0.22621.3958)
Time: Fri May 15 20:59:51 2026 SE Asia Standard Time elapsed time: 0.013477 seconds (0d 0h 0m 0s)

---------------  T H R E A D  ---------------

Current thread (0x0000028f389ffd10):  JavaThread "Unknown thread" [_thread_in_vm, id=5828, stack(0x000000bae9c00000,0x000000bae9d00000) (1024K)]

Stack: [0x000000bae9c00000,0x000000bae9d00000]
Native frames: (J=compiled Java code, j=interpreted, Vv=VM code, C=native code)
V  [jvm.dll+0x6e0b99]  (no source info available)
V  [jvm.dll+0x87e2b3]  (no source info available)
V  [jvm.dll+0x88073e]  (no source info available)
V  [jvm.dll+0x880e13]  (no source info available)
V  [jvm.dll+0x27b006]  (no source info available)
V  [jvm.dll+0x6dd485]  (no source info available)
V  [jvm.dll+0x6d127a]  (no source info available)
V  [jvm.dll+0x35b50a]  (no source info available)
V  [jvm.dll+0x363916]  (no source info available)
V  [jvm.dll+0x34fe7e]  (no source info available)
V  [jvm.dll+0x350118]  (no source info available)
V  [jvm.dll+0x328aec]  (no source info available)
V  [jvm.dll+0x32978e]  (no source info available)
V  [jvm.dll+0x8449a5]  (no source info available)
V  [jvm.dll+0x3b9a08]  (no source info available)
V  [jvm.dll+0x82d68c]  (no source info available)
V  [jvm.dll+0x454f2e]  (no source info available)
V  [jvm.dll+0x456db1]  (no source info available)
C  [jli.dll+0x52a3]  (no source info available)
C  [ucrtbase.dll+0x29333]  (no source info available)
C  [KERNEL32.DLL+0x1257d]  (no source info available)
C  [ntdll.dll+0x5af08]  (no source info available)

Lock stack of current Java thread (top to bottom):


---------------  P R O C E S S  ---------------

Threads class SMR info:
_java_thread_list=0x00007ffa12254618, length=0, elements={
}

Java Threads: ( => current thread )
Total: 0

Other Threads:
  0x0000028f3ad81d90 WorkerThread "GC Thread#0"                     [id=10748, stack(0x000000bae9d00000,0x000000bae9e00000) (1024K)]
  0x0000028f3ad96b40 ConcurrentGCThread "G1 Main Marker"            [id=32592, stack(0x000000bae9e00000,0x000000bae9f00000) (1024K)]
  0x0000028f3ad97df0 WorkerThread "G1 Conc#0"                       [id=21708, stack(0x000000bae9f00000,0x000000baea000000) (1024K)]

[error occurred during error reporting (printing all threads), id 0xc0000005, EXCEPTION_ACCESS_VIOLATION (0xc0000005) at pc=0x00007ffa1199c0da]
VM state: not at safepoint (not fully initialized)

VM Mutex/Monitor currently owned by a thread:  ([mutex/lock_event])
[0x00007ffa122d4988] Heap_lock - owner thread: 0x0000028f389ffd10

Heap address: 0x0000000703600000, size: 4042 MB, Compressed Oops mode: Zero based, Oop shift amount: 3

CDS archive(s) mapped at: [0x0000000000000000-0x0000000000000000-0x0000000000000000), size 0, SharedBaseAddress: 0x0000000800000000, ArchiveRelocationMode: 1.
Narrow klass base: 0x0000000000000000, Narrow klass shift: 0, Narrow klass range: 0x0

GC Precious Log:
 CardTable entry size: 512
 Card Set container configuration: InlinePtr #cards 4 size 8 Array Of Cards #cards 16 size 48 Howl #buckets 8 coarsen threshold 3686 Howl Bitmap #cards 512 size 80 coarsen threshold 460 Card regions per heap region 1 cards per card region 4096

Heap:
 garbage-first heap   total reserved 4139008K, committed 0K, used 0K [0x0000000703600000, 0x0000000800000000)
  region size 2048K, 0 young (0K), 0 survivors (0K)

[error occurred during error reporting (printing heap information), id 0xc0000005, EXCEPTION_ACCESS_VIOLATION (0xc0000005) at pc=0x00007ffa11d9c6a9]
GC Heap History (0 events):
No events

Dll operation events (1 events):
Event: 0.008 Loaded shared library C:\Program Files\Java\jdk-23\bin\java.dll

Deoptimization events (0 events):
No events

Classes loaded (0 events):
No events

Classes unloaded (0 events):
No events

Classes redefined (0 events):
No events

Internal exceptions (0 events):
No events

VM Operations (0 events):
No events

Memory protections (0 events):
No events

Nmethod flushes (0 events):
No events

Events (0 events):
No events


Dynamic libraries:
0x00007ff644cd0000 - 0x00007ff644ce0000 	C:\Program Files\Java\jdk-23\bin\java.exe
0x00007ffac42d0000 - 0x00007ffac44e7000 	C:\Windows\SYSTEM32\ntdll.dll
0x00007ffac2bb0000 - 0x00007ffac2c74000 	C:\Windows\System32\KERNEL32.DLL
0x00007ffac1820000 - 0x00007ffac1bd7000 	C:\Windows\System32\KERNELBASE.dll
0x00007ffac15e0000 - 0x00007ffac16f1000 	C:\Windows\System32\ucrtbase.dll
0x00007ffab8010000 - 0x00007ffab8027000 	C:\Program Files\Java\jdk-23\bin\jli.dll
0x00007ffab8030000 - 0x00007ffab804b000 	C:\Program Files\Java\jdk-23\bin\VCRUNTIME140.dll
0x00007ffac3b60000 - 0x00007ffac3d0f000 	C:\Windows\System32\USER32.dll
0x00007ffac0850000 - 0x00007ffac0ae3000 	C:\Windows\WinSxS\amd64_microsoft.windows.common-controls_6595b64144ccf1df_6.0.22621.3672_none_2713b9d173822955\COMCTL32.dll
0x00007ffac1be0000 - 0x00007ffac1c06000 	C:\Windows\System32\win32u.dll
0x00007ffac3990000 - 0x00007ffac3a37000 	C:\Windows\System32\msvcrt.dll
0x00007ffac2880000 - 0x00007ffac28a9000 	C:\Windows\System32\GDI32.dll
0x00007ffac1700000 - 0x00007ffac1818000 	C:\Windows\System32\gdi32full.dll
0x00007ffac1dc0000 - 0x00007ffac1e5a000 	C:\Windows\System32\msvcp_win.dll
0x00007ffac2a10000 - 0x00007ffac2a41000 	C:\Windows\System32\IMM32.DLL
0x00007ffaa65e0000 - 0x00007ffaa65ec000 	C:\Program Files\Java\jdk-23\bin\vcruntime140_1.dll
0x00007ffa7c360000 - 0x00007ffa7c3ee000 	C:\Program Files\Java\jdk-23\bin\msvcp140.dll
0x00007ffa11660000 - 0x00007ffa123b0000 	C:\Program Files\Java\jdk-23\bin\server\jvm.dll
0x00007ffac2950000 - 0x00007ffac2a02000 	C:\Windows\System32\ADVAPI32.dll
0x00007ffac2b00000 - 0x00007ffac2ba8000 	C:\Windows\System32\sechost.dll
0x00007ffac1e60000 - 0x00007ffac1e88000 	C:\Windows\System32\bcrypt.dll
0x00007ffac3a40000 - 0x00007ffac3b54000 	C:\Windows\System32\RPCRT4.dll
0x00007ffac3910000 - 0x00007ffac3981000 	C:\Windows\System32\WS2_32.dll
0x00007ffab5ce0000 - 0x00007ffab5d14000 	C:\Windows\SYSTEM32\WINMM.dll
0x00007ffac0ef0000 - 0x00007ffac0f3d000 	C:\Windows\SYSTEM32\POWRPROF.dll
0x00007ffabde30000 - 0x00007ffabde3a000 	C:\Windows\SYSTEM32\VERSION.dll
0x00007ffac0be0000 - 0x00007ffac0bf3000 	C:\Windows\SYSTEM32\UMPDC.dll
0x00007ffabfda0000 - 0x00007ffabfdb8000 	C:\Windows\SYSTEM32\kernel.appcore.dll
0x00007ffaa65d0000 - 0x00007ffaa65da000 	C:\Program Files\Java\jdk-23\bin\jimage.dll
0x00007ffac0f40000 - 0x00007ffac1172000 	C:\Windows\SYSTEM32\DBGHELP.DLL
0x00007ffac3e00000 - 0x00007ffac418e000 	C:\Windows\System32\combase.dll
0x00007ffac3d10000 - 0x00007ffac3de7000 	C:\Windows\System32\OLEAUT32.dll
0x00007ffac0de0000 - 0x00007ffac0e12000 	C:\Windows\SYSTEM32\dbgcore.DLL
0x00007ffac1c10000 - 0x00007ffac1c8b000 	C:\Windows\System32\bcryptPrimitives.dll
0x00007ffaa65b0000 - 0x00007ffaa65ce000 	C:\Program Files\Java\jdk-23\bin\java.dll
0x00007ffac3660000 - 0x00007ffac3805000 	C:\Windows\System32\ole32.dll
0x00007ffac2ce0000 - 0x00007ffac3549000 	C:\Windows\System32\SHELL32.dll

dbghelp: loaded successfully - version: 4.0.5 - missing functions: none
symbol engine: initialized successfully - sym options: 0x614 - pdb path: .;C:\Program Files\Java\jdk-23\bin;C:\Windows\SYSTEM32;C:\Windows\WinSxS\amd64_microsoft.windows.common-controls_6595b64144ccf1df_6.0.22621.3672_none_2713b9d173822955;C:\Program Files\Java\jdk-23\bin\server

VM Arguments:
jvm_args: --enable-native-access=ALL-UNNAMED 
java_command: <unknown>
java_class_path (initial): <not set>
Launcher Type: SUN_STANDARD

[Global flags]
     intx CICompilerCount                          = 4                                         {product} {ergonomic}
     uint ConcGCThreads                            = 3                                         {product} {ergonomic}
     uint G1ConcRefinementThreads                  = 10                                        {product} {ergonomic}
   size_t G1HeapRegionSize                         = 2097152                                   {product} {ergonomic}
   size_t InitialHeapSize                          = 266338304                                 {product} {ergonomic}
   size_t MarkStackSize                            = 4194304                                   {product} {ergonomic}
   size_t MarkStackSizeMax                         = 536870912                                 {product} {ergonomic}
   size_t MaxHeapSize                              = 4238344192                                {product} {ergonomic}
   size_t MinHeapDeltaBytes                        = 2097152                                   {product} {ergonomic}
   size_t MinHeapSize                              = 8388608                                   {product} {ergonomic}
    uintx NonNMethodCodeHeapSize                   = 5832704                                {pd product} {ergonomic}
    uintx NonProfiledCodeHeapSize                  = 122945536                              {pd product} {ergonomic}
    uintx ProfiledCodeHeapSize                     = 122880000                              {pd product} {ergonomic}
    uintx ReservedCodeCacheSize                    = 251658240                              {pd product} {ergonomic}
     bool SegmentedCodeCache                       = true                                      {product} {ergonomic}
   size_t SoftMaxHeapSize                          = 4238344192                             {manageable} {ergonomic}
     bool UseCompressedOops                        = true                           {product lp64_product} {ergonomic}
     bool UseG1GC                                  = true                                      {product} {ergonomic}
     bool UseLargePagesIndividualAllocation        = false                                  {pd product} {ergonomic}

Logging:
Log output configuration:
 #0: stdout all=warning uptime,level,tags foldmultilines=false
 #1: stderr all=off uptime,level,tags foldmultilines=false

Environment Variables:
JAVA_HOME=C:\Program Files\Java\jdk-23
PATH=C:\Windows\system32;C:\Windows;C:\Windows\System32\Wbem;C:\Windows\System32\WindowsPowerShell\v1.0\;C:\Windows\System32\OpenSSH\;C:\Program Files\nodejs\;C:\Program Files\Docker\Docker\resources\bin;C:\Program Files\Cloudflare\Cloudflare WARP\;C:\Program Files\NVIDIA Corporation\NVIDIA App\NvDLISR;C:\Program Files (x86)\NVIDIA Corporation\PhysX\Common;C:\Program Files\cursor\resources\app\bin;C:\Program Files\Git\cmd;C:\apache-maven-3.9.14\bin;C:\Program Files\Java\jdk-23\bin;C:\Users\ACER\AppData\Local\Microsoft\WindowsApps;C:\Users\ACER\AppData\Roaming\npm;C:\Users\ACER\AppData\Local\GitHubDesktop\bin;C:\apache-maven-3.9.14\bin;C:\Program Files\Java\jdk-23\bin;C:\Users\ACER\AppData\Local\Programs\Antigravity\bin;C:\Users\ACER\AppData\Local\Programs\Microsoft VS Code\bin;C:\Users\ACER\AppData\Local\Android\Sdk\platform-tools;
USERNAME=ACER
OS=Windows_NT
PROCESSOR_IDENTIFIER=Intel64 Family 6 Model 141 Stepping 1, GenuineIntel
TMP=C:\Users\ACER\AppData\Local\Temp
TEMP=C:\Users\ACER\AppData\Local\Temp




Periodic native trim disabled

---------------  S Y S T E M  ---------------

OS:
 Windows 11 , 64 bit Build 22621 (10.0.22621.3958)
OS uptime: 4 days 4:55 hours
Hyper-V role detected

CPU: total 12 (initial active 12) (6 cores per cpu, 2 threads per core) family 6 model 141 stepping 1 microcode 0x3c, cx8, cmov, fxsr, ht, mmx, 3dnowpref, sse, sse2, sse3, ssse3, sse4.1, sse4.2, popcnt, lzcnt, tsc, tscinvbit, avx, avx2, aes, erms, clmul, bmi1, bmi2, adx, avx512f, avx512dq, avx512cd, avx512bw, avx512vl, sha, fma, vzeroupper, avx512_vpopcntdq, avx512_vpclmulqdq, avx512_vaes, avx512_vnni, clflush, clflushopt, clwb, avx512_vbmi2, avx512_vbmi, hv, rdtscp, rdpid, fsrm, gfni, avx512_bitalg, f16c, cet_ibt, cet_ss, avx512_ifma
Processor Information for the first 12 processors :
  Max Mhz: 2688, Current Mhz: 2688, Mhz Limit: 2688

Memory: 4k page, system-wide physical 16163M (422M free)
TotalPageFile size 51443M (AvailPageFile size 150M)
current process WorkingSet (physical memory assigned to process): 11M, peak: 11M
current process commit charge ("private bytes"): 64M, peak: 318M

vm_info: Java HotSpot(TM) 64-Bit Server VM (23.0.2+7-58) for windows-amd64 JRE (23.0.2+7-58), built on 2024-11-29T09:34:55Z with MS VC++ 17.6 (VS2022)

END.
