[INFO] Scanning for projects...
[INFO] 
[INFO] ----------------------< com.smartgrocery:backend >----------------------
[INFO] Building SmartGrocery_BE 0.0.1-SNAPSHOT
[INFO]   from pom.xml
[INFO] --------------------------------[ jar ]---------------------------------
[INFO] 
[INFO] >>> spring-boot:3.3.4:run (default-cli) > test-compile @ backend >>>
[INFO] 
[INFO] --- jacoco:0.8.12:prepare-agent (default) @ backend ---
[INFO] argLine set to -javaagent:C:\\Users\\ACER\\.m2\\repository\\org\\jacoco\\org.jacoco.agent\\0.8.12\\org.jacoco.agent-0.8.12-runtime.jar=destfile=C:\\Users\\ACER\\Documents\\1\\SmartGrocery-BackEnd\\target\\jacoco.exec
[INFO] 
[INFO] --- resources:3.3.1:resources (default-resources) @ backend ---
[INFO] Copying 1 resource from src\main\resources to target\classes
[INFO] Copying 0 resource from src\main\resources to target\classes
[INFO] 
[INFO] --- compiler:3.13.0:compile (default-compile) @ backend ---
[INFO] Recompiling the module because of changed source code.
[INFO] Compiling 327 source files with javac [forked debug parameters release 17] to target\classes
[INFO] -------------------------------------------------------------
[ERROR] COMPILATION ERROR : 
[INFO] -------------------------------------------------------------
[ERROR] C:\Users\ACER\Documents\1\SmartGrocery-BackEnd\src\main\java\com\smartgrocery\backend\service\ai\ChatAssistantService.java:[39,18] error: cannot find symbol
  symbol:   class PromotionService
  location: class ChatAssistantService
[ERROR] C:\Users\ACER\Documents\1\SmartGrocery-BackEnd\src\main\java\com\smartgrocery\backend\service\ai\ChatAssistantService.java:[27] error: cannot find symbol
  symbol:   class PromotionService
  location: class ChatAssistantService
[INFO] 2 errors 
[INFO] -------------------------------------------------------------
[INFO] ------------------------------------------------------------------------
[INFO] BUILD FAILURE
[INFO] ------------------------------------------------------------------------
[INFO] Total time:  18.347 s
[INFO] Finished at: 2026-05-11T10:37:47+07:00
[INFO] ------------------------------------------------------------------------
[ERROR] Failed to execute goal org.apache.maven.plugins:maven-compiler-plugin:3.13.0:compile (default-compile) on project backend: Compilation failure: Compilation failure: 
[ERROR] C:\Users\ACER\Documents\1\SmartGrocery-BackEnd\src\main\java\com\smartgrocery\backend\service\ai\ChatAssistantService.java:[39,18] error: cannot find symbol
[ERROR]   symbol:   class PromotionService
[ERROR]   location: class ChatAssistantService
[ERROR] C:\Users\ACER\Documents\1\SmartGrocery-BackEnd\src\main\java\com\smartgrocery\backend\service\ai\ChatAssistantService.java:[27] error: cannot find symbol
[ERROR]   symbol:   class PromotionService
[ERROR]   location: class ChatAssistantService
[ERROR] -> [Help 1]
[ERROR] 
[ERROR] To see the full stack trace of the errors, re-run Maven with the -e switch.
[ERROR] Re-run Maven using the -X switch to enable full debug logging.
[ERROR] 
[ERROR] For more information about the errors and possible solutions, please read the following articles:
[ERROR] [Help 1] http://cwiki.apache.org/confluence/display/MAVEN/MojoFailureException
